Copyright 1986-2018 Xilinx, Inc. All Rights Reserved.
----------------------------------------------------------------------------------------
| Tool Version : Vivado v.2018.2 (lin64) Build 2258646 Thu Jun 14 20:02:38 MDT 2018
| Date         : Tue Nov 20 14:06:15 2018
| Host         : lab running 64-bit Ubuntu 16.04.4 LTS
| Command      : report_control_sets -verbose -file seg7decimal_control_sets_placed.rpt
| Design       : seg7decimal
| Device       : xc7a35t
----------------------------------------------------------------------------------------

Control Set Information

Table of Contents
-----------------
1. Summary
2. Histogram
3. Flip-Flop Distribution
4. Detailed Control Set Information

1. Summary
----------

+----------------------------------------------------------+-------+
|                          Status                          | Count |
+----------------------------------------------------------+-------+
| Number of unique control sets                            |    13 |
| Unused register locations in slices containing registers |     4 |
+----------------------------------------------------------+-------+


2. Histogram
------------

+--------+--------------+
| Fanout | Control Sets |
+--------+--------------+
|      8 |           11 |
|    16+ |            2 |
+--------+--------------+


3. Flip-Flop Distribution
-------------------------

+--------------+-----------------------+------------------------+-----------------+--------------+
| Clock Enable | Synchronous Set/Reset | Asynchronous Set/Reset | Total Registers | Total Slices |
+--------------+-----------------------+------------------------+-----------------+--------------+
| No           | No                    | No                     |              20 |            5 |
| No           | No                    | Yes                    |              40 |            5 |
| No           | Yes                   | No                     |               8 |            2 |
| Yes          | No                    | No                     |              80 |           10 |
| Yes          | No                    | Yes                    |               0 |            0 |
| Yes          | Yes                   | No                     |               0 |            0 |
+--------------+-----------------------+------------------------+-----------------+--------------+


4. Detailed Control Set Information
-----------------------------------

+----------------+-------------------+----------------------+------------------+----------------+
|  Clock Signal  |   Enable Signal   |   Set/Reset Signal   | Slice Load Count | Bel Load Count |
+----------------+-------------------+----------------------+------------------+----------------+
|  clk_IBUF_BUFG |                   | todisplay[3]_i_1_n_0 |                2 |              8 |
|  clk_IBUF_BUFG | A/E[0]            |                      |                1 |              8 |
|  clk_IBUF_BUFG | A/row1_reg[11][0] |                      |                1 |              8 |
|  clk_IBUF_BUFG | A/row2_reg[11][0] |                      |                1 |              8 |
|  clk_IBUF_BUFG | A/E[2]            |                      |                1 |              8 |
|  clk_IBUF_BUFG | A/E[1]            |                      |                1 |              8 |
|  clk_IBUF_BUFG | A/lol_reg[0][0]   |                      |                1 |              8 |
|  clk_IBUF_BUFG | A/row2_reg[11][1] |                      |                1 |              8 |
|  clk_IBUF_BUFG | A/row2_reg[11][2] |                      |                1 |              8 |
|  clk_IBUF_BUFG | A/row1_reg[11][1] |                      |                1 |              8 |
|  clk_IBUF_BUFG | A/row1_reg[11][2] |                      |                1 |              8 |
|  clk_IBUF_BUFG |                   |                      |                5 |             20 |
|  clk_IBUF_BUFG |                   | clr_IBUF             |                5 |             40 |
+----------------+-------------------+----------------------+------------------+----------------+


